// Jest Snapshot v1, https://goo.gl/fbAQLP

exports[`PublicEmptyClass.cls - apex-verify: PublicEmptyClass.cls 1`] = `
public class PublicEmptyClass
{}

~~~~~~~~~~~~~~~~~~~~~~~~~~~~~~~~~~~~~~~~~~~~~~~~~~~~~~~~~~~~~~~~~~~~~~~~~~~~~~~~
public class PublicEmptyClass {}

`;
