// Jest Snapshot v1, https://goo.gl/fbAQLP

exports[`RunAsClass.cls - apex-verify: RunAsClass.cls 1`] = `
@isTest
class RunAsClass {
  static testmethod void runAsTest() {
    User userOne = [SELECT Id FROM User LIMIT 1];
    User userTwo = [SELECT Id FROM User LIMIT 1 OFFSET 1];

    System.runAs(userOne) {
      System.debug('I am running as another user!');
    }

    System.runAs(userOne) {
      System.debug('First level');
      System.runAs(userTwo) {
        System.debug('Second level');
      }
    }

    System.runAs(new Version(1, 0)) {
      System.debug('I am running as a different version');
    }
  }
}

~~~~~~~~~~~~~~~~~~~~~~~~~~~~~~~~~~~~~~~~~~~~~~~~~~~~~~~~~~~~~~~~~~~~~~~~~~~~~~~~
@isTest
class RunAsClass {
  static testMethod void runAsTest() {
    User userOne = [SELECT Id FROM User LIMIT 1];
    User userTwo = [SELECT Id FROM User LIMIT 1 OFFSET 1];
     ;
     ;
     ;
  }
}

`;
