// Jest Snapshot v1, https://goo.gl/fbAQLP

exports[`AnnotatedClass.cls - apex-verify: AnnotatedClass.cls 1`] = `
@IsTest class TestClass
{}

~~~~~~~~~~~~~~~~~~~~~~~~~~~~~~~~~~~~~~~~~~~~~~~~~~~~~~~~~~~~~~~~~~~~~~~~~~~~~~~~
@IsTest
class TestClass {}

`;
