// Jest Snapshot v1, https://goo.gl/fbAQLP

exports[`Format apex: Unicode.cls: Unicode.cls 1`] = `
public class Unicode {
  public void unicodeCharacterTest(){
    String a = '––––';
    Account[] accounts = [SELECT Id FROM Account WHERE Name = 'Test – Name'];

    /*
    system.debug('Hi');
    */
  }

  // 名前
  private String name;

  // セッター
  public void setName(String name) {
    this.name = this.name;
  }
}
~~~~~~~~~~~~~~~~~~~~~~~~~~~~~~~~~~~~~~~~~~~~~~~~~~~~~~~~~~~~~~~~~~~~~~~~~~~~~~~~
public class Unicode {
  public void unicodeCharacterTest() {
    String a = '––––';
    Account[] accounts = [SELECT Id FROM Account WHERE Name = 'Test – Name'];

    /*
    system.debug('Hi');
    */
  }

  // 名前
  private String name;

  // セッター
  public void setName(String name) {
    this.name = this.name;
  }
}

`;
